// Jest Snapshot v1, https://goo.gl/fbAQLP

exports[`deep defaultField will merge top validation 1`] = `
Array [
  Object {
    "field": "test",
    "message": "至少两项",
  },
]
`;
